
> thewhisk@0.0.0 build
> vite build

[36mvite v8.0.3 [32mbuilding client environment for production...[36m[39m
[2K
transforming...✓ 1790 modules transformed.
rendering chunks...
computing gzip size...
dist/index.html                          1.37 kB │ gzip:   0.73 kB
dist/assets/index-DVc-s3_b.css         108.74 kB │ gzip:  17.15 kB
dist/assets/purify-B__-LCX9.js          20.78 kB │ gzip:   8.66 kB
dist/assets/index.es-jrGkQlmL.js       151.38 kB │ gzip:  48.87 kB
dist/assets/html2canvas-BH4iJ4a6.js    199.56 kB │ gzip:  46.78 kB
dist/assets/index-D9gmAz-1.js        2,616.33 kB │ gzip: 733.82 kB

[32m✓ built in 1.54s[39m
node.exe : [33m[plugin 
builtin:vite-reporter] 
At line:1 char:1
+ & "C:\Program 
Files\nodejs/node.exe" 
"C:\Program 
Files\nodejs/node_mo ...
+ ~~~~~~~~~~~~~~~~~~~~~~~~
~~~~~~~~~~~~~~~~~~~~~~~~~~
~~~~~~~~~~~~~~~~~~~
    + CategoryInfo        
      : NotSpecified: (  
  [33m[plugin builtin:v   
 ite-reporter] :String    
) [], RemoteException
    + FullyQualifiedError 
   Id : NativeCommandErr  
  or
 
(!) Some chunks are 
larger than 500 kB after 
minification. Consider:
- Using dynamic import() 
to code-split the 
application
- Use build.rolldownOption
s.output.codeSplitting to 
improve chunking: https://
rolldown.rs/reference/Outp
utOptions.codeSplitting
- Adjust chunk size limit 
for this warning via build
.chunkSizeWarningLimit.[3
9m
